// Vitest Snapshot v1, https://vitest.dev/guide/snapshot.html

exports[`+ WrapperLayout tests > Should match the snapshot 1`] = `
"<div class="animated-container">
  <article class="mt-5 lg:mt-0"></article>
  <footer-component-stub social-links="[object Object],[object Object]"></footer-component-stub>
</div>"
`;
