// Vitest Snapshot v1, https://vitest.dev/guide/snapshot.html

exports[`+ TechStackView tests > Should match the snapshot 1`] = `
"<div class="animated-container">
  <article>
    <section>
      <h1 class="text-h1 leading-tight">general.services.title &amp; <br>general.services.title2</h1>
    </section>
    <section>
      <!-- General Services -->
      <h2 class="text-h2 hidden md:block">general.services.subtitle</h2>
      <div class="grid grid-cols-1 md:grid-cols-2 gap-x-8 gap-y-6"></div>
    </section>
    <section class="row">
      <div class="basis-full">
        <!-- Experience -->
        <h3 class="text-h3 mb-6 mt-5">general.services.experience.title</h3><!-- Education -->
        <h3 class="text-h3 mb-6 mt-10">general.services.education.title</h3>
      </div>
      <div class="basis-1/2">
        <!-- Idiomas -->
        <h3 class="text-h3 mb-6 mt-5">general.services.languages.title</h3>
        <div class="grid grid-cols-2 gap-x-8 gap-y-6"></div><!-- Languages -->
        <h3 class="text-h3 mb-6 mt-10">general.services.tech_languages.title</h3><!-- Framework & Libraries -->
        <h3 class="text-h3 mb-6 mt-10">general.services.framelibs.title</h3><!-- Knowledges -->
        <h3 class="text-h3 mb-6 mt-10">general.services.knowledges.title</h3>
        <div class="flex flex-wrap gap-2 lg:gap-3 justify-evenly lg:justify-normal"></div><!-- Certifications -->
        <h3 class="text-h3 mb-6 mt-10">general.services.certifications.title</h3>
        <div class="grid grid-cols-1 md:grid-cols-3 lg:grid-cols-1 gap-4"><a href="#" class="group flex flex-col items-center border border-gray-200 rounded-lg shadow xl:flex-row xl:max-w-xl hover:bg-gray-100 hover:text-gray-600 overflow-hidden gap-4 transition-colors"><img class="object-cover w-full rounded-t-lg max-h-40 xl:rounded-none xl:rounded-s-lg grayscale group-hover:grayscale-0 transition-all xl:max-h-40" src="/src/assets/avatar-small.jpg" alt="Certification">
            <div class="flex flex-col justify-between leading-normal mr-4">
              <h5 class="text-sm font-semibold tracking-tight xl:mt-2 mx-4 xl:mx-auto">Noteworthy technology acquisitions 2021</h5>
              <p class="m-4 xl:mx-auto">Lorem ipsum, dolor sit amet.</p>
            </div>
          </a></div>
      </div>
    </section>
  </article>
  <footer>
    <ul class="flex gap-x-4">
      <li class="icon"><a href="https://github.com/duquejo01" target="_blank" title="Github">
          <v-icon name="bi-github" scale="1"></v-icon>
        </a></li>
      <li class="icon"><a href="https://www.linkedin.com/in/duquejo" target="_blank" title="LinkedLn">
          <v-icon name="co-linkedin-in" scale="1"></v-icon>
        </a></li>
    </ul><span>©️ 2024 José Duque</span>
  </footer>
</div>"
`;
