// Vitest Snapshot v1, https://vitest.dev/guide/snapshot.html

exports[`+ TechStackView tests > Should match the snapshot 1`] = `
"<div class="animated-container">
  <article>
    <section>
      <h1 class="text-h1 leading-tight">general.services.title &amp; <br>general.services.title2</h1>
    </section>
    <section>
      <!-- General Services -->
      <h2 class="text-h2 hidden md:block">general.services.subtitle</h2>
      <div class="grid grid-cols-1 md:grid-cols-2 gap-x-8 gap-y-6"></div>
    </section>
    <section class="row">
      <div class="basis-full">
        <!-- Experience -->
        <h3 class="text-h3 mb-6 mt-5">general.services.experience.title</h3><!-- Education -->
        <h3 class="text-h3 mb-6 mt-10">general.services.education.title</h3>
      </div>
      <div class="basis-1/2">
        <!-- Idiomas -->
        <h3 class="text-h3 mb-6 mt-5">general.services.languages.title</h3>
        <div class="grid grid-cols-2 gap-x-8 gap-y-6"></div><!-- Languages -->
        <h3 class="text-h3 mb-6 mt-10">general.services.tech_languages.title</h3><!-- Framework & Libraries -->
        <h3 class="text-h3 mb-6 mt-10">general.services.framelibs.title</h3><!-- Knowledges -->
        <h3 class="text-h3 mb-6 mt-10">general.services.knowledges.title</h3>
        <div class="flex flex-wrap gap-2 lg:gap-3 justify-evenly lg:justify-normal"></div>
      </div>
    </section>
  </article>
  <!---->
</div>"
`;
