// Vitest Snapshot v1, https://vitest.dev/guide/snapshot.html

exports[`+ App.vue tests > should match the snapshot 1`] = `
"<sidebar-component-stub data-v-7a7a37b1="" sociallinks="[object Object],[object Object]" isopen="true"></sidebar-component-stub>
<upper-header-component-stub data-v-7a7a37b1="" isopen="true"></upper-header-component-stub>
<main data-v-7a7a37b1="" class="overflow-y-scroll bg-white transition-all duration-1000 relative">
  <router-view-stub data-v-7a7a37b1=""></router-view-stub>
</main>
<navigation-links-stub data-v-7a7a37b1="" layout="fixed" size="small"></navigation-links-stub>
<menu-component-stub data-v-7a7a37b1="" isopen="false"></menu-component-stub>"
`;
