// Vitest Snapshot v1, https://vitest.dev/guide/snapshot.html

exports[`+ PdfComponent.vue tests > should match the snapshot 1`] = `
"<button class="group animate-bounce-subtle inline-flex items-center justify-center text-xs overflow-hidden rounded-2xl px-6 font-medium hover:bg-gray-100 hover:text-black bg-gray-100 leading-none py-0">
  <div class="relative inline-flex -translate-x-0 items-center transition group-hover:-translate-x-6">
    <div class="absolute translate-x-0 opacity-100 transition group-hover:-translate-x-6 group-hover:opacity-0">
      <v-icon name="md-pictureaspdf" scale="0.9"></v-icon>
    </div><span class="pl-6 w-24">general.services.download_button</span>
    <div class="absolute right-0 translate-x-12 opacity-0 transition group-hover:translate-x-6 group-hover:opacity-100">
      <v-icon name="ri-download-cloud-2-line" scale="0.9"></v-icon>
    </div>
  </div>
</button>"
`;
