// Vitest Snapshot v1, https://vitest.dev/guide/snapshot.html

exports[`+ ResumeView tests > Should match the snapshot 1`] = `
"<div class="animated-container">
  <article class="mt-5 lg:mt-0">
    <section class="row items-center mx-0 mt-0 px-0">
      <div class="w-full order-2 lg:basis-1/2 lg:order-1 px-8 pt-8 lg:m-auto"><span class="text-gray-500 text-lg">general.role</span>
        <h1 class="mt-2">general.resume.greetings <strong>José Duque.</strong></h1>
        <p>general.resume.excerpt1</p>
        <p>general.resume.excerpt2</p>
        <div class="button-container">
          <v-icon class="hover:animate-wiggle" name="vi-file-type-typescript-official" scale="2.5" title="Typescript"></v-icon>
          <v-icon class="hover:animate-wiggle" name="vi-file-type-node" scale="2.5" title="Node JS"></v-icon>
          <v-icon class="hover:animate-wiggle" name="vi-file-type-tailwind" scale="2.5" title="Tailwind"></v-icon>
          <v-icon class="hover:animate-wiggle" name="vi-file-type-vue" scale="2.5" title="Vue JS"></v-icon>
          <v-icon class="hover:animate-wiggle" name="vi-file-type-reactjs" scale="2.5" title="React JS"></v-icon>
        </div>
      </div>
      <picture class="w-full order-1 lg:basis-1/2 lg:order-2 overflow-hidden"><img class="shadow transition-all duration-500 scale-110 hover:rotate-3 aspect-[200/170] opacity-0" alt="José Miguel Duque" sizes="(max-width: 1400px) 100vw, 1400px" srcset="/static/img/avatar_w_200.webp 200w, /static/img/avatar_w_558.webp 558w, /static/img/avatar_w_825.webp 825w, /static/img/avatar_w_1089.webp 1089w, /static/img/avatar_w_1255.webp 1255w, /static/img/avatar_w_1400.webp 1400w" src="/static/img/avatar_w_1400.webp"></picture>
    </section>
    <section>
      <h2 class="text-h2">general.resume.description.title</h2>
      <p>general.resume.description.content</p>
    </section>
  </article>
  <!---->
</div>"
`;
