// Vitest Snapshot v1, https://vitest.dev/guide/snapshot.html

exports[`+ IconCardComponent.vue tests > Should match the snapshot 1`] = `
"<div class="icon-container flex-col lg:flex-row pl-4 pr-8 text-center lg:text-left">
  <v-icon name="foo-bar" scale="2"></v-icon>
  <div class="mt-3 lg:mt-0">
    <h4>john</h4>
    <p class="text-center lg:text-justify">doe</p>
  </div>
</div>"
`;
