// Vitest Snapshot v1, https://vitest.dev/guide/snapshot.html

exports[`+ FooterComponent.vue tests > Should match the snapshot 1`] = `
"<footer>
  <ul class="flex gap-x-4">
    <li class="icon"><a href="github.com" target="_blank" title="Github">
        <v-icon name="bi-github" scale="1"></v-icon>
      </a></li>
    <li class="icon"><a href="linkedin.com" target="_blank" title="LinkedLn">
        <v-icon name="co-linkedin-in" scale="1"></v-icon>
      </a></li>
    <li class="icon"><a href="john-doe.com" target="_blank" title="Doe">
        <v-icon name="john" scale="1"></v-icon>
      </a></li>
    <li class="icon"><a href="foo-bar.com" target="_blank" title="Bar">
        <v-icon name="foo" scale="1"></v-icon>
      </a></li>
  </ul><span>©️ 2023 José Duque</span>
</footer>"
`;
