// Vitest Snapshot v1, https://vitest.dev/guide/snapshot.html

exports[`+ TimelineComponent.vue tests > Should match the snapshot - List 1`] = `
"<ol class="pt-1 relative border-s border-gray-200">
  <li class="cursor-auto mb-8 ms-4">
    <div data-test="detail" class="absolute w-2 h-2 rounded-full mt-1.5 -start-1 bg-gray-400"></div><!-- Aligned content -->
    <div class="flex items-center justify-between lg:justify-normal"><span data-test="time" class="lg:inline-flex border-2 rounded px-2 py-1 font-semibold text-xs text-center border-gray-400"><time class="block">11/07/2022</time><time class="block mt-1 lg:mt-0 lg:before:content-['-'] lg:before:mx-1">28/04/2023</time></span><span class="text-black text-xs font-normal ml-2 text-right lg:text-left">Foo bar SAS</span></div><!-- Meta --><span class="block text-xs mt-3 font-semibold mb-3 lg:mb-0">Foo Bar SAS - Project</span><span class="block text-base font-semibold">Senior backend developer</span><!-- Content -->
    <ul class="my-1 list-disc ml-4 space-y-2 text-justify">
      <li>foo bar</li>
      <li>lorem ipsum sit amet.</li>
    </ul><!-- Tags --><small class="block font-semibold mt-2 text-black text-justify">Skills: Git Flow, JWT.</small>
  </li>
</ol>"
`;

exports[`+ TimelineComponent.vue tests > Should match the snapshot - Paragraph 1`] = `
"<ol class="pt-1 relative border-s border-gray-200">
  <li class="cursor-auto mb-8 ms-4">
    <div data-test="detail" class="absolute w-2 h-2 rounded-full mt-1.5 -start-1 bg-gray-400"></div><!-- Aligned content -->
    <div class="flex items-center justify-between lg:justify-normal"><span data-test="time" class="lg:inline-flex border-2 rounded px-2 py-1 font-semibold text-xs text-center border-gray-400"><time class="block">2023</time><time class="block mt-1 lg:mt-0 lg:before:content-['-'] lg:before:mx-1">Present</time></span><span class="text-black text-xs font-normal ml-2 text-right lg:text-left">John Doe Co</span></div><!-- Meta --><span class="block text-xs mt-3 font-semibold mb-3 lg:mb-0">John Doe Company Project</span><span class="block text-base font-semibold">Backend developer</span><!-- Content -->
    <p class="my-1 text-justify">foo bar, lorem ipsum sit amet-</p><!-- Tags --><small class="block font-semibold mt-2 text-black text-justify">Skills: Azure Functions, Azure Service Bus.</small>
  </li>
</ol>"
`;
